// Bun Snapshot v1, https://goo.gl/fbAQLP

exports[`foo 1`] = `
[
  225,
  255,
  0,
  255,
  0,
  255,
  0,
  255,
  0,
  255,
  0,
  255,
  0,
  249,
  15,
  255,
  0,
  255,
  0,
  255,
  0,
  255,
  0,
  255,
  0,
  255,
  0,
  63,
  255,
  0,
  255,
  0,
  255,
  0,
  255,
  0,
  207,
  255,
  0,
  255,
  0,
  255,
  0,
  255,
  0,
  255,
  0,
  241,
  255,
  0,
  255,
  0,
  255,
  0,
  255,
  0,
  255,
  0,
  15,
  255,
  0,
  255,
  0,
  255,
  0,
  255,
  0,
  243,
  255,
  0,
  255,
  0,
  255,
  0,
  255,
  0,
  255,
  0,
  253,
  63,
  255,
  0,
  255,
  0,
  255,
  0,
  255,
  0,
  195,
  255,
  0,
  255,
  0,
  255,
  0,
  255,
  0,
  253,
  255,
  0,
  255,
  0,
  255,
  0,
  255,
  0,
  255,
  0,
  255,
  0,
  15,
  255,
  0,
  255,
  0,
  255,
  0,
  255,
  0,
  241,
  255,
  0,
  255,
  0,
  255,
  0,
  255,
  0,
  255,
  0,
]
`;
