// Bun Snapshot v1, https://goo.gl/fbAQLP

exports[`dct 1`] = `0.2500000000000482`;

exports[`dct 2`] = `0.2500000000000428`;

exports[`dct 3`] = `0.2500000000000348`;
